MO music_ROM NULL music_ROM.v vlg16/music___r_o_m.bin 1450812797
MO clockDivider NULL clockDivider.v vlg4B/clock_divider.bin 1450812797
MO divide_by12 NULL divide_by12.v vlg0A/divide__by12.bin 1450812797
MO mainModule NULL mainModule.v vlg47/main_module.bin 1450812797
MO music NULL music.v vlg69/music.bin 1450812797
